array(2) {
  [0]=>
  resource(4) of type (stream)
  [1]=>
  resource(5) of type (stream)
}
Segmentation fault (core dumped)
terminated after 1000 iterations
string(0) ""
array(3) {
  [0]=>
  int(1)
  [1]=>
  int(2)
  [2]=>
  int(3)
}